These are the steps/Processes that I've done in this Document

eKipruto@eGreen MINGW64 ~ (master)
$ cd /D

eKipruto@eGreen MINGW64 /D
$ cd PLP

eKipruto@eGreen MINGW64 /D/PLP
$ ls
CashRegisterMachine.docx  Responsive-Portfolio-Design/  keyboardEvents.js
CashRegisterMachine.js    TaskManager/
Portfolio/                ToDoListApp/

eKipruto@eGreen MINGW64 /D/PLP
$ cd Responsive-Portfolio-Design


eKipruto@eGreen MINGW64 /D/PLP/Responsive-Portfolio-Design (master)
$ ls
README.md  index.html  packages/

eKipruto@eGreen MINGW64 /D/PLP/Responsive-Portfolio-Design (master)
$ git branch
* master

Task 1: Cloning and Forking
Cloning the repository to mylocal machine.
git clone https://github.com/Ratheshan03/Responsive-Portfolio-Design.git

2. Forking a Repository:
Cloning the forked repository to my local machine.
git clone https://github.com/ekipruto/Responsive-Portfolio-Design.git

3. Creating and Switching Branches:
Creating and switching to a new branch feature-update

eKipruto@eGreen MINGW64 /D/PLP/Responsive-Portfolio-Design (master)
$ git checkout -b feature-update
Switched to a new branch 'feature-update'

4. Making Changes and Committing:

  - Added Steps.txt file.

  - Committing the changes to the branch.
eKipruto@eGreen MINGW64 /D/PLP/Responsive-Portfolio-Design (feature-update)
$ nano steps.txt

eKipruto@eGreen MINGW64 /D/PLP/Responsive-Portfolio-Design (feature-update)
$ git init
Reinitialized existing Git repository in D:/PLP/Responsive-Portfolio-Design/.git/

eKipruto@eGreen MINGW64 /D/PLP/Responsive-Portfolio-Design (feature-update)
$ git status
On branch feature-update
Untracked files:
  (use "git add <file>..." to include in what will be committed)
        Steps.txt

nothing added to commit but untracked files present (use "git add" to track)
eKipruto@eGreen MINGW64 /D/PLP/Responsive-Portfolio-Design (feature-update)
$ git commit -m "I've just added Steps.txt to outline the processes that I've undertaken"
On branch feature-update
Untracked files:
  (use "git add <file>..." to include in what will be committed)
        Steps.txt

nothing added to commit but untracked files present (use "git add" to track)

5. Merging Changes:

  - Switch back to the main branch.

eKipruto@eGreen MINGW64 /D/PLP/Responsive-Portfolio-Design (feature-update)
$ git checkout master
Switched to branch 'master'
Your branch is up to date with 'origin/master'.

- Merging the changes from the `feature-update` branch into the main branch.
eKipruto@eGreen MINGW64 /D/PLP/Responsive-Portfolio-Design (master)
$ git merge feature-update
Already up to date.

Task 3: Handling Conflicts

6. Creating Conflicts:

  - Making changes to the same file that I modified in Task 4.
  - Commit the changes.

eKipruto@eGreen MINGW64 /D/PLP/Responsive-Portfolio-Design (master)
$ git commit -m "I've added so many other steps along the way, kindly open the document the find more details there in"
On branch master
Your branch is up to date with 'origin/master'.

Untracked files:
  (use "git add <file>..." to include in what will be committed)
        Steps.txt

nothing added to commit but untracked files present (use "git add" to track)








